[www.ice.gov/most-wanted/agzamov-sandjar.html]
[backblue.gif]
[fade.gif]
[index.html]
[www.ice.gov/sites/default/files/google_analytics/gtagf852.js]
[www.ice.gov/sites/default/files/fontyourface/local_fonts/source_sans_pro_custom/font.css]
[www.ice.gov/sites/default/files/css/css_QuVTXDexkj611oa4d2lEtBkLmCv2JeXk2w7nvxkR7ig0853.css]
[www.ice.gov/sites/default/files/css/css_yBEocfvcHfhs50p8_vgWw55htZ3aHrQD7i8Wbicm_Ig2df4.css]
[www.ice.gov/sites/default/files/css/css_Z43wZUiTqI_c2TcimvMAd-C3PtueR_mSDZ8Yamc1vYI5e96.css]
[www.ice.gov/sites/default/files/css/css_Y5JVMVj2uzeOQknAXg3OTBManuu0zewtuL0aPJkBZTY775f.css]
[www.ice.gov/sites/default/files/js/js_-VLvIadlzdwEyn6lsi3xKZj5nmesHVL-Nj3jX0HRAvka768.js]
[www.ice.gov/profiles/iced8_gov/themes/uswds_iced8_gov_theme/assets/js/uswds.minf700.js]
[www.ice.gov/sites/default/files/js/js_BtwctagFdDZLdHxqAGkQv4KUaEISSdbrQUSFY-If5Vo51f2.js]
[www.ice.gov/profiles/iced8_gov/libraries/launch/b9c8dac04bea/6997b7dacfaf/launch-e4bc3027e043.minf700.js]
[www.ice.gov/profiles/iced8_gov/themes/uswds_iced8_gov_theme/img/us_flag_small.png]
[www.ice.gov/sites/default/files/ICE_RGB_Hor_Blue_at20.png]
[www.ice.gov/sites/default/files/images/aboutice-mm.jpg]
[www.ice.gov/sites/default/files/images/eroRightBlock_2.jpg]
[www.ice.gov/sites/default/files/images/sevisRightBlock.png]
[www.ice.gov/sites/default/files/images/mm-crime.png]
[www.ice.gov/sites/default/files/images/mm-podcast.png]
[www.ice.gov/sites/default/files/images/most_wanted/agzamov.jpg]
[www.ice.gov/sites/default/files/js/js_18HlVqt4Dst1Jakq-o5VsGxV4eIr0sMD29DHxGQeeLE6bae.js]
[static.addtoany.com/menu/page.js]
[www.ice.gov/sites/default/files/js/js_-VWAl6CwJF65nAfaWrlopKnw_rHDZSB_aMZ9O_CyI-A03d5.js]
[dap.digitalgov.gov/Universal-Federated-Analytics-Min9ca7.js]
[www.ice.gov/most-wanted/agzamov-sandjar.html]
[www.ice.gov/sites/default/files/js/js_BQwSk8w29OWV7Gb-aLD-Ul9CpbqqO5xgnTitycWB5cI9b82.js]
[www.ice.gov/sites/default/files/fontyourface/local_fonts/source_sans_pro_custom/font.woff]
[www.ice.gov/sites/default/files/fontyourface/local_fonts/source_sans_pro_custom/font.css]
[www.ice.gov/core/misc/throbber-active.gif]
[www.ice.gov/core/misc/loading-small.gif]
[www.ice.gov/core/misc/throbber-inactive.png]
[www.ice.gov/core/misc/tree.png]
[www.ice.gov/core/misc/tree-bottom.png]
[www.ice.gov/core/assets/vendor/jquery.ui/themes/base/images/ui-icons_444444_256x240.png]
[www.ice.gov/core/assets/vendor/jquery.ui/themes/base/images/ui-icons_555555_256x240.png]
[www.ice.gov/core/assets/vendor/jquery.ui/themes/base/images/ui-icons_ffffff_256x240.png]
[www.ice.gov/core/assets/vendor/jquery.ui/themes/base/images/ui-icons_777620_256x240.png]
[www.ice.gov/core/assets/vendor/jquery.ui/themes/base/images/ui-icons_cc0000_256x240.png]
[www.ice.gov/core/assets/vendor/jquery.ui/themes/base/images/ui-icons_777777_256x240.png]
[www.ice.gov/modules/contrib/colorbox/styles/default/images/controls.png]
[www.ice.gov/modules/contrib/colorbox/styles/default/images/loading_animation.gif]
[www.ice.gov/sites/default/files/css/css_QuVTXDexkj611oa4d2lEtBkLmCv2JeXk2w7nvxkR7ig0853.css]
[www.ice.gov/profiles/iced8_gov/themes/uswds_iced8_gov_theme/assets/img/hero.png]
[www.ice.gov/sites/default/files/css/css_yBEocfvcHfhs50p8_vgWw55htZ3aHrQD7i8Wbicm_Ig2df4.css]
[www.ice.gov/sites/default/files/css/css_Z43wZUiTqI_c2TcimvMAd-C3PtueR_mSDZ8Yamc1vYI5e96.css]
[www.ice.gov/sites/default/files/css/css_Y5JVMVj2uzeOQknAXg3OTBManuu0zewtuL0aPJkBZTY775f.css]
[www.ice.gov/assets/features/friday-five/fridayFive900x506.html]
[www.ice.gov/profiles/iced8_gov/themes/uswds_iced8_gov_theme/images/ico-arrow.html]
[www.ice.gov/profiles/iced8_gov/themes/uswds_iced8_gov_theme/images/ico-arrow-white.html]
[www.ice.gov/profiles/iced8_gov/themes/uswds_iced8_gov_theme/images/bar-bor.html]
